# 第8　セットの不安定さ

### 1. GROUP BY
MySQLは利便性を考慮してGROUP BY構文を「拡張」し、selectサブ句がGROUP BYサブ句で宣言されていない非集計フィールドを参照できるようにしていました。つまり、non-full group by構文は、結果セットの不安定さを引き起こすことから、他のデータベースでは構文エラーと認識されるということです。

次の3つのSQL句では、最初のSQLでfull group by構文を使用し、selectサブ句で参照されるあらゆるフィールドがGROUP BYサブ句で宣言されています。その結果セットは安定したものとなっています。classとstunameには3種類の組み合わせがあります。2つ目と3つ目は同じSQLですが、2回の実行時には異なる結果が得られ、このSQLのGROUP BYサブ句では1つのclassフィールドしか宣言していません。このため、結果セットはclassについてしか集計しておらず、classの一意の値が2つあります。つまり、結果セットには2行のデータしか含まれないということです。classとstunameには3種類の組み合わせがあります。2018_CS_03クラスには生徒2名がおり、毎回の実行時にどちらの生徒がセマンティクスの制限を受けていないかを返し、セマンティクスに適合させています。

```
mysql> select a.class, a.stuname, max(b.courscore) from stu_info a join stu_score b on a.stuno=b.stuno group by a.class, a.stuname order by a.class, a.stuname;
+------------+--------------+------------------+
| class      | stuname      | max(b.courscore) |
+------------+--------------+------------------+
| 2018_CS_01 | MonkeyDLuffy |             95.5 |
| 2018_CS_03 | PatrickStar  |             99.0 |
| 2018_CS_03 | SpongeBob    |             95.0 |
+------------+--------------+------------------+
3 rows in set (0.00 sec)

mysql> select a.class, a.stuname, max(b.courscore) from stu_info a join stu_score b on a.stuno=b.stuno group by a.class order by a.class, a.stuname;
+------------+--------------+------------------+
| class      | stuname      | max(b.courscore) |
+------------+--------------+------------------+
| 2018_CS_01 | MonkeyDLuffy |             95.5 |
| 2018_CS_03 | SpongeBob    |             99.0 |
+------------+--------------+------------------+
2 rows in set (0.01 sec)

mysql> select a.class, a.stuname, max(b.courscore) from stu_info a join stu_score b on a.stuno=b.stuno group by a.class order by a.class, a.stuname;
+------------+--------------+------------------+
| class      | stuname      | max(b.courscore) |
+------------+--------------+------------------+
| 2018_CS_01 | MonkeyDLuffy |             95.5 |
| 2018_CS_03 | PatrickStar  |             99.0 |
+------------+--------------+------------------+
2 rows in set (0.01 sec)
```

GROUP BY句結果セットの安定を確保するため、full group by構文を使用してください。

MySQLは、SQL_MODEスイッチであるonly_full_group_byによってfull group by構文のチェックを行うかどうかを制御しており、TiDBもこのSQL_MODEスイッチに対応しています。

```
mysql> select a.class, a.stuname, max(b.courscore) from stu_info a join stu_score b on a.stuno=b.stuno group by a.class order by a.class, a.stuname;
+------------+--------------+------------------+
| class      | stuname      | max(b.courscore) |
+------------+--------------+------------------+
| 2018_CS_01 | MonkeyDLuffy |             95.5 |
| 2018_CS_03 | PatrickStar  |             99.0 |
+------------+--------------+------------------+
2 rows in set (0.01 sec)

mysql> set @@sql_mode='STRICT_TRANS_TABLES,NO_ENGINE_SUBSTITUTION,ONLY_FULL_GROUP_BY';
Query OK, 0 rows affected (0.01 sec)

mysql> select a.class, a.stuname, max(b.courscore) from stu_info a join stu_score b on a.stuno=b.stuno group by a.class order by a.class, a.stuname;
ERROR 1055 (42000): Expression #2 of ORDER BY is not in GROUP BY clause and contains nonaggregated column '' which is not functionally dependent on columns in GROUP BY clause; this is incompatible with sql_mode=only_full_group_by
```

### 2. ORDER BY
SQLのセマンティクスでは、結果セット出力の順序を担保するためにORDER BY構文のみが使用されます。スタンドアロン型データベースは、全てのデータが1台のサーバーに格納されているため、データの再構成を行わないときには、複数回の実行でも結果は安定していることが多く、データベース（とりわけMySQL InnoDBストレージエンジン）も主キーかインデックスの順に従って結果セットのアウトプットを行います。TiDBは分散型データベースであり、データは複数のサーバーに格納されています。また、TiDBレイヤーはデータページをキャッシュしないため、ORDER BYを含まないSQL句の結果セット提示順序の不安定さはすぐに検出されます。出力の順序を設定する必要のある結果セットについては、ソートしようとするフィールドを明示的にORDER BYサブ句に追加し、SQLのセマンティクスに適合させる必要があります。

次の例では、ユーザーはORDER BYサブ句にフィールドを1つのみ追加し、TiDBはこの1つのフィールドに基づいてソートしています。

```
mysql> select a.class, a.stuname, b.course, b.courscore from stu_info a join stu_score b on a.stuno=b.stuno order by a.class;
+------------+--------------+-------------------------+-----------+
| class      | stuname      | course                  | courscore |
+------------+--------------+-------------------------+-----------+
| 2018_CS_01 | MonkeyDLuffy | PrinciplesofDatabase    |      60.5 |
| 2018_CS_01 | MonkeyDLuffy | English                 |      43.0 |
| 2018_CS_01 | MonkeyDLuffy | OpSwimming              |      67.0 |
| 2018_CS_01 | MonkeyDLuffy | OpFencing               |      76.0 |
| 2018_CS_01 | MonkeyDLuffy | FundamentalsofCompiling |      88.0 |
| 2018_CS_01 | MonkeyDLuffy | OperatingSystem         |      90.5 |
| 2018_CS_01 | MonkeyDLuffy | PrincipleofStatistics   |      69.0 |
| 2018_CS_01 | MonkeyDLuffy | ProbabilityTheory       |      76.0 |
| 2018_CS_01 | MonkeyDLuffy | Physics                 |      63.5 |
| 2018_CS_01 | MonkeyDLuffy | AdvancedMathematics     |      95.5 |
| 2018_CS_01 | MonkeyDLuffy | LinearAlgebra           |      92.5 |
| 2018_CS_01 | MonkeyDLuffy | DiscreteMathematics     |      89.0 |
| 2018_CS_03 | SpongeBob    | PrinciplesofDatabase    |      88.0 |
| 2018_CS_03 | SpongeBob    | English                 |      79.0 |
| 2018_CS_03 | SpongeBob    | OpBasketball            |      92.0 |
| 2018_CS_03 | SpongeBob    | OpTennis                |      94.0 |
| 2018_CS_03 | PatrickStar  | LinearAlgebra           |       6.5 |
| 2018_CS_03 | PatrickStar  | AdvancedMathematics     |       5.0 |
| 2018_CS_03 | SpongeBob    | DiscreteMathematics     |      72.0 |
| 2018_CS_03 | PatrickStar  | ProbabilityTheory       |      12.0 |
| 2018_CS_03 | PatrickStar  | PrincipleofStatistics   |      20.0 |
| 2018_CS_03 | PatrickStar  | OperatingSystem         |      36.0 |
| 2018_CS_03 | PatrickStar  | FundamentalsofCompiling |       2.0 |
| 2018_CS_03 | PatrickStar  | DiscreteMathematics     |      14.0 |
| 2018_CS_03 | PatrickStar  | PrinciplesofDatabase    |       9.0 |
| 2018_CS_03 | PatrickStar  | English                 |      60.0 |
| 2018_CS_03 | PatrickStar  | OpTableTennis           |      12.0 |
| 2018_CS_03 | PatrickStar  | OpPiano                 |      99.0 |
| 2018_CS_03 | SpongeBob    | FundamentalsofCompiling |      43.0 |
| 2018_CS_03 | SpongeBob    | OperatingSystem         |      95.0 |
| 2018_CS_03 | SpongeBob    | PrincipleofStatistics   |      90.0 |
| 2018_CS_03 | SpongeBob    | ProbabilityTheory       |      87.0 |
| 2018_CS_03 | SpongeBob    | Physics                 |      65.0 |
| 2018_CS_03 | SpongeBob    | AdvancedMathematics     |      55.0 |
| 2018_CS_03 | SpongeBob    | LinearAlgebra           |      60.5 |
| 2018_CS_03 | PatrickStar  | Physics                 |       6.0 |
+------------+--------------+-------------------------+-----------+
36 rows in set (0.01 sec)
```

### 3. GROUP_CONCAT()でのORDER BY不使用による結果セットの不安定さ
TiDBが並行にストレージ層からデータを読み取るため、結果セットが不安定になります。このため、ORDER BYを追加せずにGROUP_CONCAT()を実行した場合、結果セット提示順序が一定になりません。

**GROUP_CONCAT()** で逐次アウトプットによる結果セットを取得するには、ソートに使用されるフィールドをORDER BYサブ句に追加し、SQLのセマンティクスに適合させる必要があります。

次の例では、ORDER BYを追加せずに**GROUP_CONCAT()** を実行した場合にcustomer_idの結果セットが一定でないことを示します。

1. ORDER BYを追加しない場合
- 初回クエリ:
    ```
    mysql>  select GROUP_CONCAT( customer_id SEPARATOR ',' ) FROM customer where customer_id like '200002%';
    +-------------------------------------------------------------------------+
    | GROUP_CONCAT(customer_id  SEPARATOR ',')                                |
    +-------------------------------------------------------------------------+
    | 20000200992,20000200993,20000200994,20000200995,20000200996,20000200... |
    +-------------------------------------------------------------------------+
    ```
- 2回目のクエリ:
    ```
    mysql>  select GROUP_CONCAT( customer_id SEPARATOR ',' ) FROM customer where customer_id like '200002%';
    +-------------------------------------------------------------------------+
    | GROUP_CONCAT(customer_id  SEPARATOR ',')                                |
    +-------------------------------------------------------------------------+
    | 20000203040,20000203041,20000203042,20000203043,20000203044,20000203... |
    +-------------------------------------------------------------------------+
    ```

2. ORDER BYを追加する場合
- 初回クエリ:
    ```
    mysql>  select GROUP_CONCAT( customer_id order by customer_id SEPARATOR ',' ) FROM customer where customer_id like '200002%';
    +-------------------------------------------------------------------------+
    | GROUP_CONCAT(customer_id  SEPARATOR ',')                                |
    +-------------------------------------------------------------------------+
    | 20000200000,20000200001,20000200002,20000200003,20000200004,20000200... |
    +-------------------------------------------------------------------------+
    ```
- 2回目のクエリ:
    ```
    mysql>  select GROUP_CONCAT( customer_id order by customer_id SEPARATOR ',' ) FROM customer where customer_id like '200002%';
    +-------------------------------------------------------------------------+
    | GROUP_CONCAT(customer_id  SEPARATOR ',')                                |
    +-------------------------------------------------------------------------+
    | 20000200000,20000200001,20000200002,20000200003,20000200004,20000200... |
    +-------------------------------------------------------------------------+
    ```
